Archive member included because of file (symbol)

C:\marmalade\7.3\s3e\edk\lib\android/libedk.a(IwDebug.o)
                              debug\streamerExtension_platform.os (IwDebugTraceSetTraceChannel)
C:\marmalade\7.3\s3e\edk\lib\android/libedk.a(edk_helpers.o)
                              debug\streamerExtension_platform.os (s3eEdkThreadRunOnOS)
c:/program files (x86)/android/android-ndk-r8e/toolchains/arm-linux-androideabi-4.7/prebuilt/windows-x86_64/bin/../lib/gcc/arm-linux-androideabi/4.7/libgcc.a(_aeabi_ldivmod.o)
                              C:\marmalade\7.3\s3e\edk\lib\android/libedk.a(IwDebug.o) (__aeabi_ldivmod)
c:/program files (x86)/android/android-ndk-r8e/toolchains/arm-linux-androideabi-4.7/prebuilt/windows-x86_64/bin/../lib/gcc/arm-linux-androideabi/4.7/libgcc.a(_dvmd_lnx.o)
                              c:/program files (x86)/android/android-ndk-r8e/toolchains/arm-linux-androideabi-4.7/prebuilt/windows-x86_64/bin/../lib/gcc/arm-linux-androideabi/4.7/libgcc.a(_aeabi_ldivmod.o) (__aeabi_ldiv0)
c:/program files (x86)/android/android-ndk-r8e/toolchains/arm-linux-androideabi-4.7/prebuilt/windows-x86_64/bin/../lib/gcc/arm-linux-androideabi/4.7/libgcc.a(bpabi.o)
                              c:/program files (x86)/android/android-ndk-r8e/toolchains/arm-linux-androideabi-4.7/prebuilt/windows-x86_64/bin/../lib/gcc/arm-linux-androideabi/4.7/libgcc.a(_aeabi_ldivmod.o) (__gnu_ldivmod_helper)
c:/program files (x86)/android/android-ndk-r8e/toolchains/arm-linux-androideabi-4.7/prebuilt/windows-x86_64/bin/../lib/gcc/arm-linux-androideabi/4.7/libgcc.a(_divdi3.o)
                              c:/program files (x86)/android/android-ndk-r8e/toolchains/arm-linux-androideabi-4.7/prebuilt/windows-x86_64/bin/../lib/gcc/arm-linux-androideabi/4.7/libgcc.a(bpabi.o) (__divdi3)
c:/program files (x86)/android/android-ndk-r8e/toolchains/arm-linux-androideabi-4.7/prebuilt/windows-x86_64/bin/../lib/gcc/arm-linux-androideabi/4.7/libgcc.a(_udivdi3.o)
                              c:/program files (x86)/android/android-ndk-r8e/toolchains/arm-linux-androideabi-4.7/prebuilt/windows-x86_64/bin/../lib/gcc/arm-linux-androideabi/4.7/libgcc.a(bpabi.o) (__udivdi3)
c:/program files (x86)/android/android-ndk-r8e/toolchains/arm-linux-androideabi-4.7/prebuilt/windows-x86_64/bin/../lib/gcc/arm-linux-androideabi/4.7/libgcc.a(unwind-arm.o)
                              c:/program files (x86)/android/android-ndk-r8e/toolchains/arm-linux-androideabi-4.7/prebuilt/windows-x86_64/bin/../lib/gcc/arm-linux-androideabi/4.7/libgcc.a(_divdi3.o) (__aeabi_unwind_cpp_pr0)
c:/program files (x86)/android/android-ndk-r8e/toolchains/arm-linux-androideabi-4.7/prebuilt/windows-x86_64/bin/../lib/gcc/arm-linux-androideabi/4.7/libgcc.a(libunwind.o)
                              c:/program files (x86)/android/android-ndk-r8e/toolchains/arm-linux-androideabi-4.7/prebuilt/windows-x86_64/bin/../lib/gcc/arm-linux-androideabi/4.7/libgcc.a(unwind-arm.o) (restore_core_regs)
c:/program files (x86)/android/android-ndk-r8e/toolchains/arm-linux-androideabi-4.7/prebuilt/windows-x86_64/bin/../lib/gcc/arm-linux-androideabi/4.7/libgcc.a(pr-support.o)
                              c:/program files (x86)/android/android-ndk-r8e/toolchains/arm-linux-androideabi-4.7/prebuilt/windows-x86_64/bin/../lib/gcc/arm-linux-androideabi/4.7/libgcc.a(unwind-arm.o) (__gnu_unwind_execute)
c:/program files (x86)/android/android-ndk-r8e/toolchains/arm-linux-androideabi-4.7/prebuilt/windows-x86_64/bin/../lib/gcc/arm-linux-androideabi/4.7/libgcc.a(_udivsi3.o)
                              c:/program files (x86)/android/android-ndk-r8e/toolchains/arm-linux-androideabi-4.7/prebuilt/windows-x86_64/bin/../lib/gcc/arm-linux-androideabi/4.7/libgcc.a(_divdi3.o) (__aeabi_uidiv)

Discarded input sections

 .text          0x00000000       0x14 C:/Program Files (x86)/Android/android-ndk-r8e/platforms/android-9/arch-arm/usr/lib/crtbegin_so.o
 .bss           0x00000000        0x0 C:/Program Files (x86)/Android/android-ndk-r8e/platforms/android-9/arch-arm/usr/lib/crtbegin_so.o
 .note.GNU-stack
                0x00000000        0x0 C:/Program Files (x86)/Android/android-ndk-r8e/platforms/android-9/arch-arm/usr/lib/crtbegin_so.o
 .group         0x00000000        0x8 debug\streamerExtension_platform.os
 .group         0x00000000        0x8 debug\streamerExtension_platform.os
 .group         0x00000000        0x8 debug\streamerExtension_platform.os
 .group         0x00000000        0x8 debug\streamerExtension_platform.os
 .group         0x00000000        0x8 debug\streamerExtension_platform.os
 .group         0x00000000        0x8 debug\streamerExtension_platform.os
 .group         0x00000000        0x8 debug\streamerExtension_platform.os
 .group         0x00000000        0x8 debug\streamerExtension_platform.os
 .group         0x00000000        0x8 debug\streamerExtension_platform.os
 .group         0x00000000        0x8 debug\streamerExtension_platform.os
 .group         0x00000000        0x8 debug\streamerExtension_platform.os
 .group         0x00000000        0x8 debug\streamerExtension_platform.os
 .text          0x00000000        0x0 debug\streamerExtension_platform.os
 .data          0x00000000        0x0 debug\streamerExtension_platform.os
 .note.GNU-stack
                0x00000000        0x0 debug\streamerExtension_platform.os
 .text          0x00000000        0x0 debug\streamerExtension.os
 .data          0x00000000        0x0 debug\streamerExtension.os
 .bss           0x00000000        0x0 debug\streamerExtension.os
 .note.GNU-stack
                0x00000000        0x0 debug\streamerExtension.os
 .text          0x00000000        0x0 debug\streamerExtension_register.os
 .data          0x00000000        0x0 debug\streamerExtension_register.os
 .bss           0x00000000        0x0 debug\streamerExtension_register.os
 .note.GNU-stack
                0x00000000        0x0 debug\streamerExtension_register.os
 .text          0x00000000        0x0 C:\marmalade\7.3\s3e\edk\lib\android/libedk.a(IwDebug.o)
 .data          0x00000000        0x0 C:\marmalade\7.3\s3e\edk\lib\android/libedk.a(IwDebug.o)
 .text.IwAssertRegisterTextCallback
                0x00000000       0x1c C:\marmalade\7.3\s3e\edk\lib\android/libedk.a(IwDebug.o)
 .text.IwAssertRegisterCallback
                0x00000000       0x1c C:\marmalade\7.3\s3e\edk\lib\android/libedk.a(IwDebug.o)
 .text.IwDebugErrorRegisterCallback
                0x00000000       0x1c C:\marmalade\7.3\s3e\edk\lib\android/libedk.a(IwDebug.o)
 .text.IwDebugAssertSetUID
                0x00000000       0x14 C:\marmalade\7.3\s3e\edk\lib\android/libedk.a(IwDebug.o)
 .text.IwDebugClearConfigCache
                0x00000000       0x80 C:\marmalade\7.3\s3e\edk\lib\android/libedk.a(IwDebug.o)
 .text.IwDebugErrorShow
                0x00000000       0xec C:\marmalade\7.3\s3e\edk\lib\android/libedk.a(IwDebug.o)
 .text.IwDebugTraceLineVPrintf
                0x00000000       0xfc C:\marmalade\7.3\s3e\edk\lib\android/libedk.a(IwDebug.o)
 .text.IwDebugAssertIsChannelOn
                0x00000000      0x204 C:\marmalade\7.3\s3e\edk\lib\android/libedk.a(IwDebug.o)
 .text.IwDebugTraceDisable
                0x00000000       0x10 C:\marmalade\7.3\s3e\edk\lib\android/libedk.a(IwDebug.o)
 .text.IwDebugAssertSetMessage
                0x00000000       0xfc C:\marmalade\7.3\s3e\edk\lib\android/libedk.a(IwDebug.o)
 .text.IwDebugAssertSetSolution
                0x00000000       0xa0 C:\marmalade\7.3\s3e\edk\lib\android/libedk.a(IwDebug.o)
 .text.IwDebugAssertShow
                0x00000000      0x2d0 C:\marmalade\7.3\s3e\edk\lib\android/libedk.a(IwDebug.o)
 .text.IwDebugTraceChannelSwitch
                0x00000000      0x4c4 C:\marmalade\7.3\s3e\edk\lib\android/libedk.a(IwDebug.o)
 .note.GNU-stack
                0x00000000        0x0 C:\marmalade\7.3\s3e\edk\lib\android/libedk.a(IwDebug.o)
 .text          0x00000000        0x0 C:\marmalade\7.3\s3e\edk\lib\android/libedk.a(edk_helpers.o)
 .data          0x00000000        0x0 C:\marmalade\7.3\s3e\edk\lib\android/libedk.a(edk_helpers.o)
 .bss           0x00000000        0x0 C:\marmalade\7.3\s3e\edk\lib\android/libedk.a(edk_helpers.o)
 .text.s3eEdkThreadRunOnOSAsync
                0x00000000       0x30 C:\marmalade\7.3\s3e\edk\lib\android/libedk.a(edk_helpers.o)
 .text.s3eEdkErrorSetString
                0x00000000       0x30 C:\marmalade\7.3\s3e\edk\lib\android/libedk.a(edk_helpers.o)
 .note.GNU-stack
                0x00000000        0x0 C:\marmalade\7.3\s3e\edk\lib\android/libedk.a(edk_helpers.o)
 .data          0x00000000        0x0 c:/program files (x86)/android/android-ndk-r8e/toolchains/arm-linux-androideabi-4.7/prebuilt/windows-x86_64/bin/../lib/gcc/arm-linux-androideabi/4.7/libgcc.a(_aeabi_ldivmod.o)
 .bss           0x00000000        0x0 c:/program files (x86)/android/android-ndk-r8e/toolchains/arm-linux-androideabi-4.7/prebuilt/windows-x86_64/bin/../lib/gcc/arm-linux-androideabi/4.7/libgcc.a(_aeabi_ldivmod.o)
 .note.GNU-stack
                0x00000000        0x0 c:/program files (x86)/android/android-ndk-r8e/toolchains/arm-linux-androideabi-4.7/prebuilt/windows-x86_64/bin/../lib/gcc/arm-linux-androideabi/4.7/libgcc.a(_aeabi_ldivmod.o)
 .data          0x00000000        0x0 c:/program files (x86)/android/android-ndk-r8e/toolchains/arm-linux-androideabi-4.7/prebuilt/windows-x86_64/bin/../lib/gcc/arm-linux-androideabi/4.7/libgcc.a(_dvmd_lnx.o)
 .bss           0x00000000        0x0 c:/program files (x86)/android/android-ndk-r8e/toolchains/arm-linux-androideabi-4.7/prebuilt/windows-x86_64/bin/../lib/gcc/arm-linux-androideabi/4.7/libgcc.a(_dvmd_lnx.o)
 .note.GNU-stack
                0x00000000        0x0 c:/program files (x86)/android/android-ndk-r8e/toolchains/arm-linux-androideabi-4.7/prebuilt/windows-x86_64/bin/../lib/gcc/arm-linux-androideabi/4.7/libgcc.a(_dvmd_lnx.o)
 .data          0x00000000        0x0 c:/program files (x86)/android/android-ndk-r8e/toolchains/arm-linux-androideabi-4.7/prebuilt/windows-x86_64/bin/../lib/gcc/arm-linux-androideabi/4.7/libgcc.a(bpabi.o)
 .bss           0x00000000        0x0 c:/program files (x86)/android/android-ndk-r8e/toolchains/arm-linux-androideabi-4.7/prebuilt/windows-x86_64/bin/../lib/gcc/arm-linux-androideabi/4.7/libgcc.a(bpabi.o)
 .note.GNU-stack
                0x00000000        0x0 c:/program files (x86)/android/android-ndk-r8e/toolchains/arm-linux-androideabi-4.7/prebuilt/windows-x86_64/bin/../lib/gcc/arm-linux-androideabi/4.7/libgcc.a(bpabi.o)
 .data          0x00000000        0x0 c:/program files (x86)/android/android-ndk-r8e/toolchains/arm-linux-androideabi-4.7/prebuilt/windows-x86_64/bin/../lib/gcc/arm-linux-androideabi/4.7/libgcc.a(_divdi3.o)
 .bss           0x00000000        0x0 c:/program files (x86)/android/android-ndk-r8e/toolchains/arm-linux-androideabi-4.7/prebuilt/windows-x86_64/bin/../lib/gcc/arm-linux-androideabi/4.7/libgcc.a(_divdi3.o)
 .ARM.extab     0x00000000        0x0 c:/program files (x86)/android/android-ndk-r8e/toolchains/arm-linux-androideabi-4.7/prebuilt/windows-x86_64/bin/../lib/gcc/arm-linux-androideabi/4.7/libgcc.a(_divdi3.o)
 .note.GNU-stack
                0x00000000        0x0 c:/program files (x86)/android/android-ndk-r8e/toolchains/arm-linux-androideabi-4.7/prebuilt/windows-x86_64/bin/../lib/gcc/arm-linux-androideabi/4.7/libgcc.a(_divdi3.o)
 .data          0x00000000        0x0 c:/program files (x86)/android/android-ndk-r8e/toolchains/arm-linux-androideabi-4.7/prebuilt/windows-x86_64/bin/../lib/gcc/arm-linux-androideabi/4.7/libgcc.a(_udivdi3.o)
 .bss           0x00000000        0x0 c:/program files (x86)/android/android-ndk-r8e/toolchains/arm-linux-androideabi-4.7/prebuilt/windows-x86_64/bin/../lib/gcc/arm-linux-androideabi/4.7/libgcc.a(_udivdi3.o)
 .ARM.extab     0x00000000        0x0 c:/program files (x86)/android/android-ndk-r8e/toolchains/arm-linux-androideabi-4.7/prebuilt/windows-x86_64/bin/../lib/gcc/arm-linux-androideabi/4.7/libgcc.a(_udivdi3.o)
 .note.GNU-stack
                0x00000000        0x0 c:/program files (x86)/android/android-ndk-r8e/toolchains/arm-linux-androideabi-4.7/prebuilt/windows-x86_64/bin/../lib/gcc/arm-linux-androideabi/4.7/libgcc.a(_udivdi3.o)
 .data          0x00000000        0x0 c:/program files (x86)/android/android-ndk-r8e/toolchains/arm-linux-androideabi-4.7/prebuilt/windows-x86_64/bin/../lib/gcc/arm-linux-androideabi/4.7/libgcc.a(unwind-arm.o)
 .bss           0x00000000        0x0 c:/program files (x86)/android/android-ndk-r8e/toolchains/arm-linux-androideabi-4.7/prebuilt/windows-x86_64/bin/../lib/gcc/arm-linux-androideabi/4.7/libgcc.a(unwind-arm.o)
 .note.GNU-stack
                0x00000000        0x0 c:/program files (x86)/android/android-ndk-r8e/toolchains/arm-linux-androideabi-4.7/prebuilt/windows-x86_64/bin/../lib/gcc/arm-linux-androideabi/4.7/libgcc.a(unwind-arm.o)
 .data          0x00000000        0x0 c:/program files (x86)/android/android-ndk-r8e/toolchains/arm-linux-androideabi-4.7/prebuilt/windows-x86_64/bin/../lib/gcc/arm-linux-androideabi/4.7/libgcc.a(libunwind.o)
 .bss           0x00000000        0x0 c:/program files (x86)/android/android-ndk-r8e/toolchains/arm-linux-androideabi-4.7/prebuilt/windows-x86_64/bin/../lib/gcc/arm-linux-androideabi/4.7/libgcc.a(libunwind.o)
 .note.GNU-stack
                0x00000000        0x0 c:/program files (x86)/android/android-ndk-r8e/toolchains/arm-linux-androideabi-4.7/prebuilt/windows-x86_64/bin/../lib/gcc/arm-linux-androideabi/4.7/libgcc.a(libunwind.o)
 .data          0x00000000        0x0 c:/program files (x86)/android/android-ndk-r8e/toolchains/arm-linux-androideabi-4.7/prebuilt/windows-x86_64/bin/../lib/gcc/arm-linux-androideabi/4.7/libgcc.a(pr-support.o)
 .bss           0x00000000        0x0 c:/program files (x86)/android/android-ndk-r8e/toolchains/arm-linux-androideabi-4.7/prebuilt/windows-x86_64/bin/../lib/gcc/arm-linux-androideabi/4.7/libgcc.a(pr-support.o)
 .note.GNU-stack
                0x00000000        0x0 c:/program files (x86)/android/android-ndk-r8e/toolchains/arm-linux-androideabi-4.7/prebuilt/windows-x86_64/bin/../lib/gcc/arm-linux-androideabi/4.7/libgcc.a(pr-support.o)
 .data          0x00000000        0x0 c:/program files (x86)/android/android-ndk-r8e/toolchains/arm-linux-androideabi-4.7/prebuilt/windows-x86_64/bin/../lib/gcc/arm-linux-androideabi/4.7/libgcc.a(_udivsi3.o)
 .bss           0x00000000        0x0 c:/program files (x86)/android/android-ndk-r8e/toolchains/arm-linux-androideabi-4.7/prebuilt/windows-x86_64/bin/../lib/gcc/arm-linux-androideabi/4.7/libgcc.a(_udivsi3.o)
 .note.GNU-stack
                0x00000000        0x0 c:/program files (x86)/android/android-ndk-r8e/toolchains/arm-linux-androideabi-4.7/prebuilt/windows-x86_64/bin/../lib/gcc/arm-linux-androideabi/4.7/libgcc.a(_udivsi3.o)
 .text          0x00000000        0x0 C:/Program Files (x86)/Android/android-ndk-r8e/platforms/android-9/arch-arm/usr/lib/crtend_so.o
 .data          0x00000000        0x0 C:/Program Files (x86)/Android/android-ndk-r8e/platforms/android-9/arch-arm/usr/lib/crtend_so.o
 .bss           0x00000000        0x0 C:/Program Files (x86)/Android/android-ndk-r8e/platforms/android-9/arch-arm/usr/lib/crtend_so.o
 .note.GNU-stack
                0x00000000        0x0 C:/Program Files (x86)/Android/android-ndk-r8e/platforms/android-9/arch-arm/usr/lib/crtend_so.o

Memory map

 ** file header
                0x00000000       0x34
 ** segment headers
                0x00000034      0x100

.interp         0x00000134       0x13
 ** fill        0x00000134       0x13

.dynsym         0x00000148      0x580
 ** dynsym      0x00000148      0x580

.dynstr         0x000006c8      0x678
 ** string table
                0x000006c8      0x678

.hash           0x00000d40      0x274
 ** hash        0x00000d40      0x274

.rel.dyn        0x00000fb4       0x78
 ** dynamic relocs
                0x00000fb4       0x78

.rel.plt        0x0000102c       0xa0
 ** dynamic relocs
                0x0000102c       0xa0

.plt            0x000010cc      0x104
 ** PLT         0x000010cc      0x104

.text           0x000011d0     0x3044
 .text.exit     0x000011d0       0x10 C:/Program Files (x86)/Android/android-ndk-r8e/platforms/android-9/arch-arm/usr/lib/crtbegin_so.o
                0x000011d0                __on_dlclose
 .text._ZN7_JNIEnv9FindClassEPKc
                0x000011e0       0x38 debug\streamerExtension_platform.os
                0x000011e0                _JNIEnv::FindClass(char const*)
 .text._ZN7_JNIEnv17ExceptionOccurredEv
                0x00001218       0x30 debug\streamerExtension_platform.os
                0x00001218                _JNIEnv::ExceptionOccurred()
 .text._ZN7_JNIEnv17ExceptionDescribeEv
                0x00001248       0x28 debug\streamerExtension_platform.os
                0x00001248                _JNIEnv::ExceptionDescribe()
 .text._ZN7_JNIEnv14ExceptionClearEv
                0x00001270       0x28 debug\streamerExtension_platform.os
                0x00001270                _JNIEnv::ExceptionClear()
 .text._ZN7_JNIEnv12NewGlobalRefEP8_jobject
                0x00001298       0x38 debug\streamerExtension_platform.os
                0x00001298                _JNIEnv::NewGlobalRef(_jobject*)
 .text._ZN7_JNIEnv15DeleteGlobalRefEP8_jobject
                0x000012d0       0x30 debug\streamerExtension_platform.os
                0x000012d0                _JNIEnv::DeleteGlobalRef(_jobject*)
 .text._ZN7_JNIEnv14DeleteLocalRefEP8_jobject
                0x00001300       0x30 debug\streamerExtension_platform.os
                0x00001300                _JNIEnv::DeleteLocalRef(_jobject*)
 .text._ZN7_JNIEnv9NewObjectEP7_jclassP10_jmethodIDz
                0x00001330       0x58 debug\streamerExtension_platform.os
                0x00001330                _JNIEnv::NewObject(_jclass*, _jmethodID*, ...)
 .text._ZN7_JNIEnv11GetMethodIDEP7_jclassPKcS3_
                0x00001388       0x48 debug\streamerExtension_platform.os
                0x00001388                _JNIEnv::GetMethodID(_jclass*, char const*, char const*)
 .text._ZN7_JNIEnv13CallIntMethodEP8_jobjectP10_jmethodIDz
                0x000013d0       0x58 debug\streamerExtension_platform.os
                0x000013d0                _JNIEnv::CallIntMethod(_jobject*, _jmethodID*, ...)
 .text._ZN7_JNIEnv12NewStringUTFEPKc
                0x00001428       0x38 debug\streamerExtension_platform.os
                0x00001428                _JNIEnv::NewStringUTF(char const*)
 .text._ZN7_JavaVM6GetEnvEPPvi
                0x00001460       0x40 debug\streamerExtension_platform.os
                0x00001460                _JavaVM::GetEnv(void**, int)
 .text._ZL15s3eEdkJNIGetEnvv
                0x000014a0       0x40 debug\streamerExtension_platform.os
 .text._ZL27s3eEdkAndroidFindClass_realPKc
                0x000014e0       0x8c debug\streamerExtension_platform.os
 .text._ZL22s3eEdkAndroidFindClassPKc
                0x0000156c       0x38 debug\streamerExtension_platform.os
 .text._Z30streamerExtensionInit_platformv
                0x000015a4      0x350 debug\streamerExtension_platform.os
                0x000015a4                streamerExtensionInit_platform()
 .text._Z35streamerExtensionTerminate_platformv
                0x000018f4        0x4 debug\streamerExtension_platform.os
                0x000018f4                streamerExtensionTerminate_platform()
 .text._Z28startStreamingAudio_platformv
                0x000018f8       0x50 debug\streamerExtension_platform.os
                0x000018f8                startStreamingAudio_platform()
 .text._Z27stopStreamingAudio_platformv
                0x00001948       0x50 debug\streamerExtension_platform.os
                0x00001948                stopStreamingAudio_platform()
 .text._Z28pauseStreamingAudio_platformv
                0x00001998       0x50 debug\streamerExtension_platform.os
                0x00001998                pauseStreamingAudio_platform()
 .text._Z24initAudioStream_platformPKci
                0x000019e8       0x74 debug\streamerExtension_platform.os
                0x000019e8                initAudioStream_platform(char const*, int)
 .text._Z21streamerExtensionInitv
                0x00001a5c       0x14 debug\streamerExtension.os
                0x00001a5c                streamerExtensionInit()
 .text._Z26streamerExtensionTerminatev
                0x00001a70        0xc debug\streamerExtension.os
                0x00001a70                streamerExtensionTerminate()
 .text.startStreamingAudio
                0x00001a7c       0x14 debug\streamerExtension.os
                0x00001a7c                startStreamingAudio
 .text.stopStreamingAudio
                0x00001a90       0x14 debug\streamerExtension.os
                0x00001a90                stopStreamingAudio
 .text.pauseStreamingAudio
                0x00001aa4       0x14 debug\streamerExtension.os
                0x00001aa4                pauseStreamingAudio
 .text.initAudioStream
                0x00001ab8       0x2c debug\streamerExtension.os
                0x00001ab8                initAudioStream
 .text._ZL24startStreamingAudio_wrapv
                0x00001ae4       0x90 debug\streamerExtension_register.os
 .text._ZL23stopStreamingAudio_wrapv
                0x00001b74       0x90 debug\streamerExtension_register.os
 .text._ZL24pauseStreamingAudio_wrapv
                0x00001c04       0x90 debug\streamerExtension_register.os
 .text._ZL20initAudioStream_wrapPKci
                0x00001c94       0xa8 debug\streamerExtension_register.os
 .text._Z28streamerExtensionRegisterExtv
                0x00001d3c       0xd8 debug\streamerExtension_register.os
                0x00001d3c                streamerExtensionRegisterExt()
 .text.RegisterExt
                0x00001e14        0xc debug\streamerExtension_register.os
                0x00001e14                RegisterExt
 .text.IwDebugTraceSetTraceChannel
                0x00001e20       0x1c C:\marmalade\7.3\s3e\edk\lib\android/libedk.a(IwDebug.o)
                0x00001e20                IwDebugTraceSetTraceChannel
 .text._GLOBAL__I_E__JenkinsWS_workspace_ReleaseWin32FullBinaries_sdk_modules_iwcore_source_IwDebug.cpp
                0x00001e3c       0xa4 C:\marmalade\7.3\s3e\edk\lib\android/libedk.a(IwDebug.o)
 .text.IwDebugTraceIsChannelOn
                0x00001ee0      0x2b8 C:\marmalade\7.3\s3e\edk\lib\android/libedk.a(IwDebug.o)
                0x00001ee0                IwDebugTraceIsChannelOn
 .text.IwDebugTraceLinePrintf
                0x00002198      0x10c C:\marmalade\7.3\s3e\edk\lib\android/libedk.a(IwDebug.o)
                0x00002198                IwDebugTraceLinePrintf
 .text.s3eEdkThreadRunOnOS
                0x000022a4       0x30 C:\marmalade\7.3\s3e\edk\lib\android/libedk.a(edk_helpers.o)
                0x000022a4                s3eEdkThreadRunOnOS
 .text          0x000022d4       0x44 c:/program files (x86)/android/android-ndk-r8e/toolchains/arm-linux-androideabi-4.7/prebuilt/windows-x86_64/bin/../lib/gcc/arm-linux-androideabi/4.7/libgcc.a(_aeabi_ldivmod.o)
                0x000022d4                __aeabi_ldivmod
 .text          0x00002318       0x10 c:/program files (x86)/android/android-ndk-r8e/toolchains/arm-linux-androideabi-4.7/prebuilt/windows-x86_64/bin/../lib/gcc/arm-linux-androideabi/4.7/libgcc.a(_dvmd_lnx.o)
                0x00002318                __aeabi_idiv0
                0x00002318                __aeabi_ldiv0
 .text          0x00002328       0x78 c:/program files (x86)/android/android-ndk-r8e/toolchains/arm-linux-androideabi-4.7/prebuilt/windows-x86_64/bin/../lib/gcc/arm-linux-androideabi/4.7/libgcc.a(bpabi.o)
                0x00002328                __gnu_ldivmod_helper
                0x00002364                __gnu_uldivmod_helper
 .text          0x000023a0      0x480 c:/program files (x86)/android/android-ndk-r8e/toolchains/arm-linux-androideabi-4.7/prebuilt/windows-x86_64/bin/../lib/gcc/arm-linux-androideabi/4.7/libgcc.a(_divdi3.o)
                0x000023a0                __divdi3
 .text          0x00002820      0x400 c:/program files (x86)/android/android-ndk-r8e/toolchains/arm-linux-androideabi-4.7/prebuilt/windows-x86_64/bin/../lib/gcc/arm-linux-androideabi/4.7/libgcc.a(_udivdi3.o)
                0x00002820                __udivdi3
 .text          0x00002c20      0xef4 c:/program files (x86)/android/android-ndk-r8e/toolchains/arm-linux-androideabi-4.7/prebuilt/windows-x86_64/bin/../lib/gcc/arm-linux-androideabi/4.7/libgcc.a(unwind-arm.o)
                0x000036ec                __aeabi_unwind_cpp_pr0
                0x000036e4                __aeabi_unwind_cpp_pr1
                0x000036dc                __aeabi_unwind_cpp_pr2
                0x0000305c                _Unwind_GetCFA
                0x00003064                __gnu_Unwind_RaiseException
                0x00003108                __gnu_Unwind_ForcedUnwind
                0x00003124                __gnu_Unwind_Resume
                0x0000319c                __gnu_Unwind_Resume_or_Rethrow
                0x000031bc                _Unwind_Complete
                0x000031c0                _Unwind_DeleteException
                0x000031e0                _Unwind_VRS_Get
                0x0000324c                _Unwind_VRS_Set
                0x000036f4                __gnu_Unwind_Backtrace
                0x000037b4                _Unwind_VRS_Pop
 .text          0x00003b14      0x1a8 c:/program files (x86)/android/android-ndk-r8e/toolchains/arm-linux-androideabi-4.7/prebuilt/windows-x86_64/bin/../lib/gcc/arm-linux-androideabi/4.7/libgcc.a(libunwind.o)
                0x00003b14                __restore_core_regs
                0x00003b14                restore_core_regs
                0x00003b28                __gnu_Unwind_Restore_VFP
                0x00003b30                __gnu_Unwind_Save_VFP
                0x00003b38                __gnu_Unwind_Restore_VFP_D
                0x00003b40                __gnu_Unwind_Save_VFP_D
                0x00003b48                __gnu_Unwind_Restore_VFP_D_16_to_31
                0x00003b50                __gnu_Unwind_Save_VFP_D_16_to_31
                0x00003b58                __gnu_Unwind_Restore_WMMXD
                0x00003b9c                __gnu_Unwind_Save_WMMXD
                0x00003be0                __gnu_Unwind_Restore_WMMXC
                0x00003bf4                __gnu_Unwind_Save_WMMXC
                0x00003c08                ___Unwind_RaiseException
                0x00003c08                _Unwind_RaiseException
                0x00003c2c                ___Unwind_Resume
                0x00003c2c                _Unwind_Resume
                0x00003c50                ___Unwind_Resume_or_Rethrow
                0x00003c50                _Unwind_Resume_or_Rethrow
                0x00003c74                ___Unwind_ForcedUnwind
                0x00003c74                _Unwind_ForcedUnwind
                0x00003c98                ___Unwind_Backtrace
                0x00003c98                _Unwind_Backtrace
 .text          0x00003cbc      0x490 c:/program files (x86)/android/android-ndk-r8e/toolchains/arm-linux-androideabi-4.7/prebuilt/windows-x86_64/bin/../lib/gcc/arm-linux-androideabi/4.7/libgcc.a(pr-support.o)
                0x00003d44                __gnu_unwind_execute
                0x000040d0                __gnu_unwind_frame
                0x00004110                _Unwind_GetRegionStart
                0x00004120                _Unwind_GetLanguageSpecificData
                0x0000413c                _Unwind_GetDataRelBase
                0x00004144                _Unwind_GetTextRelBase
 .text          0xffffffffffffffff       0xc8 c:/program files (x86)/android/android-ndk-r8e/toolchains/arm-linux-androideabi-4.7/prebuilt/windows-x86_64/bin/../lib/gcc/arm-linux-androideabi/4.7/libgcc.a(_udivsi3.o)
                0x0000414c                __udivsi3
                0x0000414c                __aeabi_uidiv
                0x000041f4                __aeabi_uidivmod

.rodata         0x00004214      0x344
 .rodata        0x00004214       0xe8 debug\streamerExtension_platform.os
 .rodata        0x000042fc      0x13c debug\streamerExtension_register.os
 .rodata.str1.4
                0x00004438      0x120 C:\marmalade\7.3\s3e\edk\lib\android/libedk.a(IwDebug.o)

.ARM.exidx      0x00004558       0xe8
 .ARM.exidx     0x00004558        0x8 c:/program files (x86)/android/android-ndk-r8e/toolchains/arm-linux-androideabi-4.7/prebuilt/windows-x86_64/bin/../lib/gcc/arm-linux-androideabi/4.7/libgcc.a(_divdi3.o)
 .ARM.exidx     0xffffffffffffffff       0xd8 c:/program files (x86)/android/android-ndk-r8e/toolchains/arm-linux-androideabi-4.7/prebuilt/windows-x86_64/bin/../lib/gcc/arm-linux-androideabi/4.7/libgcc.a(unwind-arm.o)
 ** ARM cantunwind
                0x00004600        0x8
 .ARM.exidx     0xffffffffffffffff       0x48 c:/program files (x86)/android/android-ndk-r8e/toolchains/arm-linux-androideabi-4.7/prebuilt/windows-x86_64/bin/../lib/gcc/arm-linux-androideabi/4.7/libgcc.a(pr-support.o)

.ARM.extab      0x00004640       0x3c
 .ARM.extab     0x00004640       0x24 c:/program files (x86)/android/android-ndk-r8e/toolchains/arm-linux-androideabi-4.7/prebuilt/windows-x86_64/bin/../lib/gcc/arm-linux-androideabi/4.7/libgcc.a(unwind-arm.o)
 .ARM.extab     0x00004664       0x18 c:/program files (x86)/android/android-ndk-r8e/toolchains/arm-linux-androideabi-4.7/prebuilt/windows-x86_64/bin/../lib/gcc/arm-linux-androideabi/4.7/libgcc.a(pr-support.o)

.fini_array     0x00005e80        0x8
 .fini_array    0x00005e80        0x4 C:/Program Files (x86)/Android/android-ndk-r8e/platforms/android-9/arch-arm/usr/lib/crtbegin_so.o
 .fini_array    0x00005e84        0x4 C:/Program Files (x86)/Android/android-ndk-r8e/platforms/android-9/arch-arm/usr/lib/crtend_so.o

.init_array     0x00005e88        0x8
 .init_array    0x00005e88        0x4 C:\marmalade\7.3\s3e\edk\lib\android/libedk.a(IwDebug.o)
 .init_array    0x00005e8c        0x4 C:/Program Files (x86)/Android/android-ndk-r8e/platforms/android-9/arch-arm/usr/lib/crtend_so.o

.dynamic        0x00005e90       0xe0
 ** dynamic     0x00005e90       0xe0

.got            0x00005f70       0x90
 ** GOT         0x00005f70       0x34
 ** GOT PLT     0x00005fa4       0x5c

.data           0x00006000        0x4
 .data          0x00006000        0x4 C:/Program Files (x86)/Android/android-ndk-r8e/platforms/android-9/arch-arm/usr/lib/crtbegin_so.o
                0x00006000                __dso_handle

.bss            0x00006004     0x1a3c
 .bss           0x00006004       0x14 debug\streamerExtension_platform.os
 .bss           0x00006018     0x1a28 C:\marmalade\7.3\s3e\edk\lib\android/libedk.a(IwDebug.o)
                0x00006018                g_DebugGlobals
